12-29 21:55:56.964  1463  2161 I .apps.wellbeing: AssetManager2(0x75e4eb8ee318) locale list changing from [] to [en-US]
12-29 21:55:56.997 12584 12584 W WindowOnBackDispatcher: OnBackInvokedCallback is not enabled for the application.
12-29 21:55:56.997 12584 12584 W WindowOnBackDispatcher: Set 'android:enableOnBackInvokedCallback="true"' in the application manifest.
12-29 21:55:57.029  1463  2161 I .apps.wellbeing: AssetManager2(0x75e4eb8ef5d8) locale list changing from [] to [en-US]
12-29 21:55:57.049 12584 12584 W unknown:BridgelessReact: ReactHost{0}.onHostResume(activity)
12-29 21:55:57.049 12584 12584 W unknown:ReactNative: Packager connection already open, nooping.
12-29 21:55:57.202 12584 12584 W HWUI    : Unknown dataspace 0
12-29 21:55:57.296  1463  2161 I .apps.wellbeing: AssetManager2(0x75e4eb8fb158) locale list changing from [] to [en-US]
12-29 21:55:57.516  1330  1330 D BoundBrokerSvc: onUnbind: Intent { act=com.google.android.gms.common.telemetry.service.START dat=chimera-action:/... xflg=0x4 cmp=com.google.android.gms/.chimera.PersistentApiService }
12-29 21:55:57.609  1463  2161 I .apps.wellbeing: AssetManager2(0x75e4eb8f9858) locale list changing from [] to [en-US]
12-29 21:55:57.705 12584 12708 W unknown:BridgelessReact: ReactHost{0}.isMetroRunning(): Async result = true
12-29 21:55:57.713  1463  2161 I .apps.wellbeing: AssetManager2(0x75e4eb8fa4d8) locale list changing from [] to [en-US]
12-29 21:55:57.742 12584 12718 D ProfileInstaller: Installing profile for com.backtrack.app
12-29 21:55:57.760 12584 12707 W unknown:BridgelessReact: ReactHost{0}.loadJSBundleFromMetro()
12-29 21:55:57.769   721   813 D CoreBackPreview: Window{8746b4c u0 com.backtrack.app/com.backtrack.app.MainActivity}: Setting back callback OnBackInvokedCallbackInfo{mCallback=android.window.IOnBackInvokedCallback$Stub$Proxy@43bd49b, mPriority=0, mIsAnimationCallback=false, mOverrideBehavior=0}
12-29 21:55:57.797 12584 12602 W m.backtrack.app: Suspending all threads took: 49.722ms
12-29 21:55:58.099  1463  2161 I .apps.wellbeing: AssetManager2(0x75e4eb8f6658) locale list changing from [] to [en-US]
12-29 21:55:58.208  1463  2161 I .apps.wellbeing: AssetManager2(0x75e4eb8f8bd8) locale list changing from [] to [en-US]
12-29 21:55:58.297  1463  2161 I .apps.wellbeing: AssetManager2(0x75e4eb8f8598) locale list changing from [] to [en-US]
12-29 21:55:58.328 12584 12602 I m.backtrack.app: Background concurrent mark compact GC freed 1634KB AllocSpace bytes, 1(20KB) LOS objects, 49% free, 3518KB/7037KB, paused 65.618ms,9.681ms total 1.234s
12-29 21:55:58.408  1463  2161 I .apps.wellbeing: AssetManager2(0x75e4eb8f3458) locale list changing from [] to [en-US]
12-29 21:55:58.467  1463  2161 I .apps.wellbeing: AssetManager2(0x75e4eb8e5358) locale list changing from [] to [en-US]
12-29 21:55:58.485  1463  2161 I .apps.wellbeing: AssetManager2(0x75e4eb8f1b58) locale list changing from [] to [en-US]
12-29 21:55:58.488  1463  2161 I .apps.wellbeing: AssetManager2(0x75e4eb8ee638) locale list changing from [] to [en-US]
12-29 21:55:58.513  1463  2161 I .apps.wellbeing: AssetManager2(0x75e4eb8f0bb8) locale list changing from [] to [en-US]
12-29 21:55:58.542  1463  2161 I .apps.wellbeing: AssetManager2(0x75e4eb903ad8) locale list changing from [] to [en-US]
12-29 21:55:58.574  1463  2161 I .apps.wellbeing: AssetManager2(0x75e4eb9008d8) locale list changing from [] to [en-US]
12-29 21:55:58.635  1463  2161 I .apps.wellbeing: AssetManager2(0x75e4eb8fc418) locale list changing from [] to [en-US]
12-29 21:55:58.649  1463  2161 I .apps.wellbeing: AssetManager2(0x75e4eb903498) locale list changing from [] to [en-US]
12-29 21:55:58.748  1463  2161 I .apps.wellbeing: AssetManager2(0x75e4eb907318) locale list changing from [] to [en-US]
12-29 21:55:58.772  1463  2161 I .apps.wellbeing: AssetManager2(0x75e4eb904118) locale list changing from [] to [en-US]
12-29 21:55:58.836  1463  2161 I .apps.wellbeing: AssetManager2(0x75e4eb8ff618) locale list changing from [] to [en-US]
12-29 21:55:58.846  1463  2161 I .apps.wellbeing: AssetManager2(0x75e4eb9024f8) locale list changing from [] to [en-US]
12-29 21:55:58.997 12584 12719 E SurfaceSyncGroup: Failed to receive transaction ready in 1000ms. Marking SurfaceSyncGroup(wmsSync-VRI[MainActivity]#0) as ready
12-29 21:55:58.999 12584 12719 E SurfaceSyncGroup: Failed to receive transaction ready in 1000ms. Marking SurfaceSyncGroup(VRI[MainActivity]#1) as ready
12-29 21:55:59.074   721   759 I ActivityTaskManager: Displayed com.backtrack.app/.MainActivity for user 0: +35s789ms
12-29 21:55:59.552  1463  2161 I .apps.wellbeing: AssetManager2(0x75e4eb8fdd18) locale list changing from [] to [en-US]
12-29 21:55:59.598   721   896 D InetDiagMessage: Destroyed 0 sockets, proto=IPPROTO_TCP, family=AF_INET, states=14
12-29 21:55:59.610   721   896 D InetDiagMessage: Destroyed 2 sockets, proto=IPPROTO_TCP, family=AF_INET6, states=14
12-29 21:55:59.627   721   896 D InetDiagMessage: Destroyed live tcp sockets for uids={10146} in 29ms
12-29 21:55:59.764   721  8145 W ContentProviderHelper: Slow operation: 54ms so far, now at getContentProviderImpl: done!
12-29 21:55:59.777  1330  2610 I FontLog : (REDACTED) Received query %s, URI %s
12-29 21:55:59.781  1330  2610 I FontLog : (REDACTED) Query [%s] resolved to %s
12-29 21:55:59.948 12584 12620 I HWUI    : Davey! duration=2101ms; Flags=1, FrameTimelineVsyncId=48447494, IntendedVsync=135522512014186, Vsync=135522812014174, InputEventId=0, HandleInputStart=135522824270200, AnimationStart=135522824344800, PerformTraversalsStart=135522825253600, DrawStart=135523879168300, FrameDeadline=135522528680852, FrameStartTime=135522817945200, FrameInterval=16666666, WorkloadTarget=16666666, SyncQueued=135523880291100, SyncStart=135524179096300, IssueDrawCommandsStart=135524181700900, SwapBuffers=135524403381700, FrameCompleted=135524912530300, DequeueBufferDuration=39100, QueueBufferDuration=8140300, GpuCompleted=135524912530300, SwapBuffersCompleted=135524632322200, DisplayPresentTime=0, CommandSubmissionCompleted=135524403381700, 
12-29 21:56:00.154  1330  2610 I FontLog : (REDACTED) Fetch %s end status %s
12-29 21:56:00.177   997  1116 W WindowOnBackDispatcher: sendCancelIfRunning: isInProgress=false callback=android.view.ViewRootImpl$$ExternalSyntheticLambda13@dc8e34b
12-29 21:56:00.398   721  1998 D CoreBackPreview: Window{c378e50 u0 PopupWindow:3433044}: Setting back callback OnBackInvokedCallbackInfo{mCallback=android.window.IOnBackInvokedCallback$Stub$Proxy@b8f3f7c, mPriority=0, mIsAnimationCallback=false, mOverrideBehavior=0}
12-29 21:56:00.422   721  1852 D CoreBackPreview: Window{124055a u0 Splash Screen com.backtrack.app EXITING}: Setting back callback null
12-29 21:56:00.489   721   760 W Looper  : Slow dispatch took 732ms android.ui app=system_server main=false group=TOP_APP h=com.android.server.am.ActivityManagerService$UiHandler c=com.android.server.am.UidObserverController$$ExternalSyntheticLambda0@6dfd90e m=0
12-29 21:56:00.592  1148  1358 D SatelliteController: iisInCarrierRoamingNbIotNtn: satellite is disabled
12-29 21:56:00.618  1463  2161 I .apps.wellbeing: AssetManager2(0x75e4eb8eff38) locale list changing from [] to [en-US]
12-29 21:56:00.637 12584 12725 W m.backtrack.app: Verification of void androidx.core.provider.FontsContractCompat$FontFamilyResult.<init>(int, androidx.core.provider.FontsContractCompat$FontInfo[]) took 130.966ms (91.63 bytecodes/s) (0B arena alloc)
12-29 21:56:00.756   721   721 W Looper  : Slow dispatch took 452ms main app=system_server main=true group=FOREGROUND h=com.android.server.alarm.AlarmManagerService$AlarmHandler c=com.android.server.alarm.AlarmManagerService$2$$ExternalSyntheticLambda0@2bad467 m=0
12-29 21:56:00.803   621   697 W IPCThreadState: Sending oneway calls to frozen process.
12-29 21:56:00.803   621   697 W IPCThreadState: Sending oneway calls to frozen process.
12-29 21:56:00.803   621   697 W IPCThreadState: Sending oneway calls to frozen process.
12-29 21:56:00.842  1330  2610 I FontLog : (REDACTED) Pulling font file for id = %d, cache size = %d
12-29 21:56:00.989   997  1132 W Looper  : Slow dispatch took 1042ms SysUiBg app=com.android.systemui main=false group=FOREGROUND h=android.os.Handler c=com.android.systemui.shade.NotificationShadeWindowControllerImpl$$ExternalSyntheticLambda1@5bcae5d m=0
12-29 21:56:01.048  1330  2409 I FontLog : (REDACTED) Pulling font file for id = %d, cache size = %d
12-29 21:56:01.549 12584 12725 W m.backtrack.app: Verification of boolean androidx.emoji2.text.flatbuffer.Table.__has_identifier(java.nio.ByteBuffer, java.lang.String) took 156.744ms (267.95 bytecodes/s) (0B arena alloc)
12-29 21:56:01.823 12584 12719 E SurfaceSyncGroup: Failed to receive transaction ready in 1000ms. Marking SurfaceSyncGroup(wmsSync-VRI[PopupWindow:3433044]#2) as ready
12-29 21:56:01.824 12584 12719 E SurfaceSyncGroup: Failed to receive transaction ready in 1000ms. Marking SurfaceSyncGroup(VRI[PopupWindow:3433044]#3) as ready
12-29 21:56:01.921 13701 13701 D BoundBrokerSvc: onUnbind: Intent { act=com.google.android.gms.feedback.internal.IFeedbackService dat=chimera-action:/... xflg=0x4 cmp=com.google.android.gms/.chimera.GmsBoundBrokerService }
12-29 21:56:02.101   721   826 W UsageStatsService: Unexpected activity event reported! (host.exp.exponent/host.exp.exponent.experience.ExperienceActivity event : 23 instanceId : 173485601)
12-29 21:56:02.116   721  1994 W IPCThreadState: Sending oneway calls to frozen process.
12-29 21:56:02.116   721  1994 W IPCThreadState: Sending oneway calls to frozen process.
12-29 21:56:02.116   721  1994 W IPCThreadState: Sending oneway calls to frozen process.
12-29 21:56:02.116   721  1994 W IPCThreadState: Sending oneway calls to frozen process.
12-29 21:56:02.116   721  1994 W IPCThreadState: Sending oneway calls to frozen process.
12-29 21:56:02.117   721  1994 W IPCThreadState: Sending oneway calls to frozen process.
12-29 21:56:02.187   721  1994 W IPCThreadState: Sending oneway calls to frozen process.
12-29 21:56:02.187   721  1994 W IPCThreadState: Sending oneway calls to frozen process.
12-29 21:56:02.188   721  1994 W IPCThreadState: Sending oneway calls to frozen process.
12-29 21:56:02.188   721  1994 W IPCThreadState: Sending oneway calls to frozen process.
12-29 21:56:02.212   721  1994 W IPCThreadState: Sending oneway calls to frozen process.
12-29 21:56:02.215   721  1994 W IPCThreadState: Sending oneway calls to frozen process.
12-29 21:56:02.215   721  1994 W IPCThreadState: Sending oneway calls to frozen process.
12-29 21:56:02.215   721  1994 W IPCThreadState: Sending oneway calls to frozen process.
12-29 21:56:02.215   721  1994 W IPCThreadState: Sending oneway calls to frozen process.
12-29 21:56:02.216   721  1994 W IPCThreadState: Sending oneway calls to frozen process.
12-29 21:56:02.240   721  1994 W IPCThreadState: Sending oneway calls to frozen process.
12-29 21:56:02.240   721  1994 W IPCThreadState: Sending oneway calls to frozen process.
12-29 21:56:02.240   721  1994 W IPCThreadState: Sending oneway calls to frozen process.
12-29 21:56:02.274   721  1994 W IPCThreadState: Sending oneway calls to frozen process.
12-29 21:56:02.277   721  1994 W IPCThreadState: Sending oneway calls to frozen process.
12-29 21:56:02.277   721  1994 W IPCThreadState: Sending oneway calls to frozen process.
12-29 21:56:02.277   721  1994 W IPCThreadState: Sending oneway calls to frozen process.
12-29 21:56:02.277   721  1994 W IPCThreadState: Sending oneway calls to frozen process.
12-29 21:56:02.278   721  1994 W IPCThreadState: Sending oneway calls to frozen process.
12-29 21:56:02.278   721  1994 W IPCThreadState: Sending oneway calls to frozen process.
12-29 21:56:02.332   721  1994 W IPCThreadState: Sending oneway calls to frozen process.
12-29 21:56:02.332   721  1994 W IPCThreadState: Sending oneway calls to frozen process.
12-29 21:56:02.332   721  1994 W IPCThreadState: Sending oneway calls to frozen process.
12-29 21:56:02.339   721  1994 W IPCThreadState: Sending oneway calls to frozen process.
12-29 21:56:02.339   721  1994 W IPCThreadState: Sending oneway calls to frozen process.
12-29 21:56:02.339   721  1994 W IPCThreadState: Sending oneway calls to frozen process.
12-29 21:56:02.340   721  1994 W IPCThreadState: Sending oneway calls to frozen process.
12-29 21:56:02.368   721  1994 W IPCThreadState: Sending oneway calls to frozen process.
12-29 21:56:02.369   721  1994 W IPCThreadState: Sending oneway calls to frozen process.
12-29 21:56:02.370   721  1994 W IPCThreadState: Sending oneway calls to frozen process.
12-29 21:56:02.371   721  1994 W IPCThreadState: Sending oneway calls to frozen process.
12-29 21:56:02.405   721  1994 W IPCThreadState: Sending oneway calls to frozen process.
12-29 21:56:02.467   721  1994 W IPCThreadState: Sending oneway calls to frozen process.
12-29 21:56:02.467   721  1994 W IPCThreadState: Sending oneway calls to frozen process.
12-29 21:56:02.468   721  1994 W IPCThreadState: Sending oneway calls to frozen process.
12-29 21:56:02.468   721  1994 W IPCThreadState: Sending oneway calls to frozen process.
12-29 21:56:02.468   721  1994 W IPCThreadState: Sending oneway calls to frozen process.
12-29 21:56:02.468   721  1994 W IPCThreadState: Sending oneway calls to frozen process.
12-29 21:56:02.468   721  1994 W IPCThreadState: Sending oneway calls to frozen process.
12-29 21:56:02.481   721  1994 W IPCThreadState: Sending oneway calls to frozen process.
12-29 21:56:02.983 12584 12607 I HWUI    : Davey! duration=2528ms; Flags=1, FrameTimelineVsyncId=48447594, IntendedVsync=135525095347416, Vsync=135525295347408, InputEventId=0, HandleInputStart=135525448571900, AnimationStart=135525448618100, PerformTraversalsStart=135525451032300, DrawStart=135526314855600, FrameDeadline=135525112014082, FrameStartTime=135525311778600, FrameInterval=16666666, WorkloadTarget=16666666, SyncQueued=135526336213400, SyncStart=135526600836300, IssueDrawCommandsStart=135526601048500, SwapBuffers=135527623973000, FrameCompleted=135527888014600, DequeueBufferDuration=46900, QueueBufferDuration=127287900, GpuCompleted=135527887797100, SwapBuffersCompleted=135527888014600, DisplayPresentTime=0, CommandSubmissionCompleted=135527623973000, 
12-29 21:56:03.008   721   760 W Looper  : Slow dispatch took 477ms android.ui app=system_server main=false group=TOP_APP h=com.android.server.am.ActivityManagerService$UiHandler c=com.android.server.am.UidObserverController$$ExternalSyntheticLambda0@6dfd90e m=0
12-29 21:56:03.027   721   848 I InputDispatcher: 8746b4c com.backtrack.app/com.backtrack.app.MainActivity spent 2887ms processing FocusEvent(hasFocus=true)
12-29 21:56:03.044 12584 12584 I Choreographer: Skipped 143 frames!  The application may be doing too much work on its main thread.
12-29 21:56:03.081   997   997 I Choreographer: Skipped 108 frames!  The application may be doing too much work on its main thread.
12-29 21:56:03.143   997  1676 I HWUI    : Davey! duration=1634ms; Flags=0, FrameTimelineVsyncId=48447737, IntendedVsync=135526145347374, Vsync=135526145347374, InputEventId=0, HandleInputStart=135526151144500, AnimationStart=135526151178700, PerformTraversalsStart=135526153209400, DrawStart=135526153291000, FrameDeadline=135526162014040, FrameStartTime=135526151124400, FrameInterval=16666666, WorkloadTarget=16666666, SyncQueued=135526153543100, SyncStart=135526360754600, IssueDrawCommandsStart=135526414804100, SwapBuffers=135527623593600, FrameCompleted=135527986983400, DequeueBufferDuration=66400, QueueBufferDuration=136314400, GpuCompleted=135527939293700, SwapBuffersCompleted=135527986983400, DisplayPresentTime=0, CommandSubmissionCompleted=135527623593600, 
12-29 21:56:03.176 12584 12584 W unknown:BridgelessReact: ReactHost{0}.raiseSoftException(onWindowFocusChange(hasFocus = "true")): Tried to access onWindowFocusChange while context is not ready
12-29 21:56:03.204   721   947 D BackgroundInstallControlService: Package event received: 0
12-29 21:56:03.264   997  1676 I HWUI    : Davey! duration=708ms; Flags=0, FrameTimelineVsyncId=48447744, IntendedVsync=135526162014040, Vsync=135526428680696, InputEventId=0, HandleInputStart=135526463283800, AnimationStart=135526463318900, PerformTraversalsStart=135526530737100, DrawStart=135526530880400, FrameDeadline=135527962013968, FrameStartTime=135526441221900, FrameInterval=16666666, WorkloadTarget=16666666, SyncQueued=135526531263300, SyncStart=135528016398000, IssueDrawCommandsStart=135528016569500, SwapBuffers=135528189965300, FrameCompleted=135528355200700, DequeueBufferDuration=64833100, QueueBufferDuration=521200, GpuCompleted=135528340950400, SwapBuffersCompleted=135528355200700, DisplayPresentTime=0, CommandSubmissionCompleted=135528189965300, 
12-29 21:56:03.381   721   760 W Looper  : Slow delivery took 270ms android.ui app=system_server main=false group=TOP_APP h=com.android.server.am.ActivityManagerService$UiHandler c=com.android.server.am.UidObserverController$$ExternalSyntheticLambda0@6dfd90e m=0
12-29 21:56:03.382   721   760 W Looper  : Slow dispatch took 360ms android.ui app=system_server main=false group=TOP_APP h=com.android.server.am.ActivityManagerService$UiHandler c=com.android.server.am.UidObserverController$$ExternalSyntheticLambda0@6dfd90e m=0
12-29 21:56:03.591  1463  2161 I .apps.wellbeing: AssetManager2(0x75e4eb901238) locale list changing from [] to [en-US]
12-29 21:56:03.603   721   760 W Looper  : Slow dispatch took 221ms android.ui app=system_server main=false group=TOP_APP h=com.android.server.am.ActivityManagerService$UiHandler c=com.android.server.am.UidObserverController$$ExternalSyntheticLambda0@6dfd90e m=0
12-29 21:56:03.682  1463  2161 I .apps.wellbeing: AssetManager2(0x75e4eb8fecb8) locale list changing from [] to [en-US]
12-29 21:56:03.729 12584 12584 E unknown:ReactHost: Unhandled SoftException
12-29 21:56:03.729 12584 12584 E unknown:ReactHost: com.facebook.react.bridge.ReactNoCrashSoftException: raiseSoftException(onWindowFocusChange(hasFocus = "true")): Tried to access onWindowFocusChange while context is not ready
12-29 21:56:03.729 12584 12584 E unknown:ReactHost: 	at com.facebook.react.runtime.ReactHostImpl.raiseSoftException(ReactHostImpl.kt:787)
12-29 21:56:03.729 12584 12584 E unknown:ReactHost: 	at com.facebook.react.runtime.ReactHostImpl.raiseSoftException$default(ReactHostImpl.kt:779)
12-29 21:56:03.729 12584 12584 E unknown:ReactHost: 	at com.facebook.react.runtime.ReactHostImpl.onWindowFocusChange(ReactHostImpl.kt:589)
12-29 21:56:03.729 12584 12584 E unknown:ReactHost: 	at com.facebook.react.ReactDelegate.onWindowFocusChanged(ReactDelegate.kt:217)
12-29 21:56:03.729 12584 12584 E unknown:ReactHost: 	at com.facebook.react.ReactActivityDelegate.onWindowFocusChanged(ReactActivityDelegate.java:236)
12-29 21:56:03.729 12584 12584 E unknown:ReactHost: 	at expo.modules.ReactActivityDelegateWrapper$onWindowFocusChanged$1.invokeSuspend(ReactActivityDelegateWrapper.kt:353)
12-29 21:56:03.729 12584 12584 E unknown:ReactHost: 	at expo.modules.ReactActivityDelegateWrapper$onWindowFocusChanged$1.invoke(Unknown Source:8)
12-29 21:56:03.729 12584 12584 E unknown:ReactHost: 	at expo.modules.ReactActivityDelegateWrapper$onWindowFocusChanged$1.invoke(Unknown Source:4)
12-29 21:56:03.729 12584 12584 E unknown:ReactHost: 	at expo.modules.ReactActivityDelegateWrapper$launchLifecycleScopeWithLock$1.invokeSuspend(ReactActivityDelegateWrapper.kt:485)
12-29 21:56:03.729 12584 12584 E unknown:ReactHost: 	at kotlin.coroutines.jvm.internal.BaseContinuationImpl.resumeWith(ContinuationImpl.kt:33)
12-29 21:56:03.729 12584 12584 E unknown:ReactHost: 	at kotlinx.coroutines.internal.DispatchedContinuationKt.resumeCancellableWith(DispatchedContinuation.kt:359)
12-29 21:56:03.729 12584 12584 E unknown:ReactHost: 	at kotlinx.coroutines.intrinsics.CancellableKt.startCoroutineCancellable(Cancellable.kt:26)
12-29 21:56:03.729 12584 12584 E unknown:ReactHost: 	at kotlinx.coroutines.CoroutineStart.invoke(CoroutineStart.kt:358)
12-29 21:56:03.729 12584 12584 E unknown:ReactHost: 	at kotlinx.coroutines.AbstractCoroutine.start(AbstractCoroutine.kt:124)
12-29 21:56:03.729 12584 12584 E unknown:ReactHost: 	at kotlinx.coroutines.BuildersKt__Builders_commonKt.launch(Builders.common.kt:52)
12-29 21:56:03.729 12584 12584 E unknown:ReactHost: 	at kotlinx.coroutines.BuildersKt.launch(Unknown Source:1)
12-29 21:56:03.729 12584 12584 E unknown:ReactHost: 	at kotlinx.coroutines.BuildersKt__Builders_commonKt.launch$default(Builders.common.kt:43)
12-29 21:56:03.729 12584 12584 E unknown:ReactHost: 	at kotlinx.coroutines.BuildersKt.launch$default(Unknown Source:1)
12-29 21:56:03.729 12584 12584 E unknown:ReactHost: 	at expo.modules.ReactActivityDelegateWrapper.launchLifecycleScopeWithLock(ReactActivityDelegateWrapper.kt:483)
12-29 21:56:03.729 12584 12584 E unknown:ReactHost: 	at expo.modules.ReactActivityDelegateWrapper.launchLifecycleScopeWithLock$default(ReactActivityDelegateWrapper.kt:479)
12-29 21:56:03.729 12584 12584 E unknown:ReactHost: 	at expo.modules.ReactActivityDelegateWrapper.onWindowFocusChanged(ReactActivityDelegateWrapper.kt:351)
12-29 21:56:03.729 12584 12584 E unknown:ReactHost: 	at com.facebook.react.ReactActivity.onWindowFocusChanged(ReactActivity.java:158)
12-29 21:56:03.729 12584 12584 E unknown:ReactHost: 	at androidx.appcompat.view.WindowCallbackWrapper.onWindowFocusChanged(WindowCallbackWrapper.java:124)
12-29 21:56:03.729 12584 12584 E unknown:ReactHost: 	at com.android.internal.policy.DecorView.onWindowFocusChanged(DecorView.java:1818)
12-29 21:56:03.729 12584 12584 E unknown:ReactHost: 	at android.view.View.dispatchWindowFocusChanged(View.java:16952)
12-29 21:56:03.729 12584 12584 E unknown:ReactHost: 	at android.view.ViewGroup.dispatchWindowFocusChanged(ViewGroup.java:1530)
12-29 21:56:03.729 12584 12584 E unknown:ReactHost: 	at android.view.ViewRootImpl.dispatchFocusEvent(ViewRootImpl.java:4872)
12-29 21:56:03.729 12584 12584 E unknown:ReactHost: 	at android.view.ViewRootImpl.handleWindowFocusChanged(ViewRootImpl.java:4776)
12-29 21:56:03.729 12584 12584 E unknown:ReactHost: 	at android.view.ViewRootImpl.-$$Nest$mhandleWindowFocusChanged(Unknown Source:0)
12-29 21:56:03.729 12584 12584 E unknown:ReactHost: 	at android.view.ViewRootImpl$ViewRootHandler.handleMessageImpl(ViewRootImpl.java:7016)
12-29 21:56:03.729 12584 12584 E unknown:ReactHost: 	at android.view.ViewRootImpl$ViewRootHandler.handleMessage(ViewRootImpl.java:6926)
12-29 21:56:03.729 12584 12584 E unknown:ReactHost: 	at android.os.Handler.dispatchMessage(Handler.java:110)
12-29 21:56:03.729 12584 12584 E unknown:ReactHost: 	at android.os.Looper.loopOnce(Looper.java:248)
12-29 21:56:03.729 12584 12584 E unknown:ReactHost: 	at android.os.Looper.loop(Looper.java:338)
12-29 21:56:03.729 12584 12584 E unknown:ReactHost: 	at android.app.ActivityThread.main(ActivityThread.java:9067)
12-29 21:56:03.729 12584 12584 E unknown:ReactHost: 	at java.lang.reflect.Method.invoke(Native Method)
12-29 21:56:03.729 12584 12584 E unknown:ReactHost: 	at com.android.internal.os.RuntimeInit$MethodAndArgsCaller.run(RuntimeInit.java:593)
12-29 21:56:03.729 12584 12584 E unknown:ReactHost: 	at com.android.internal.os.ZygoteInit.main(ZygoteInit.java:932)
12-29 21:56:03.815   721   856 I ImeTracker: com.backtrack.app:b494df36: onRequestHide at ORIGIN_SERVER reason HIDE_UNSPECIFIED_WINDOW fromUser false
12-29 21:56:04.084   997  1676 I HWUI    : Davey! duration=2361ms; Flags=0, FrameTimelineVsyncId=48447773, IntendedVsync=135526478680694, Vsync=135528278680622, InputEventId=0, HandleInputStart=135528306459400, AnimationStart=135528306492800, PerformTraversalsStart=135528306534600, DrawStart=135528306947400, FrameDeadline=135528362013952, FrameStartTime=135528289021200, FrameInterval=16666666, WorkloadTarget=16666666, SyncQueued=135528307095000, SyncStart=135528355450800, IssueDrawCommandsStart=135528355582800, SwapBuffers=135528485955300, FrameCompleted=135528888557000, DequeueBufferDuration=37200, QueueBufferDuration=442900, GpuCompleted=135528888334900, SwapBuffersCompleted=135528888557000, DisplayPresentTime=0, CommandSubmissionCompleted=135528485955300, 
12-29 21:56:04.103  1696  1696 I ImeTracker: com.google.android.permissioncontroller:4b87fe5e: onRequestHide at ORIGIN_CLIENT reason HIDE_WINDOW_LOST_FOCUS fromUser false
12-29 21:56:04.112  1696  1696 D InsetsController: hide(ime(), fromIme=false)
12-29 21:56:04.167  1696  1696 I ImeTracker: com.google.android.permissioncontroller:4b87fe5e: onCancelled at PHASE_CLIENT_ALREADY_HIDDEN
12-29 21:56:04.261 12584 12584 D InsetsController: hide(ime(), fromIme=false)
12-29 21:56:04.261 12584 12584 I ImeTracker: com.backtrack.app:b494df36: onCancelled at PHASE_CLIENT_ALREADY_HIDDEN
12-29 21:56:04.278   721  2368 I ImeTracker: system_server:17b53fcd: onRequestHide at ORIGIN_SERVER reason IME_REQUESTED_CHANGED_LISTENER fromUser false
12-29 21:56:04.283  1444  1444 I GoogleInputMethodService: GoogleInputMethodService.onFinishInput():2043 
12-29 21:56:04.316   721   763 I ImeTracker: system_server:17b53fcd: onCancelled at PHASE_SERVER_SHOULD_HIDE
12-29 21:56:04.349  1444  1444 I Module  : DeviceLockedStatusModuleProvider$Module.updateDeviceLockedStatus():100 repeatCheckTimes = 0, locked = false
12-29 21:56:04.357  1444  1444 W NotificationCenter: NotificationCenter$NotificationQueue.notifyPendingNotificationsOnExecutor():877 Heavy notify work detected on UI thread: [kig->imt, kig->fro, kig->gkl, kig->ilu, kig->fcb, kig->ilu, kig->jnx, kig->ilu, kig->khg, kig->ilu, kig->lux, kig->ilu, kig->ilu, kig->ijm, kig->fef, kig->ilu, kig->jvb, kig->khc, kig->ilu, kig->ilu, kig->ilu, kig->ilu, kig->ilu, kig->ilu, kig->ilu] takes 59ms
12-29 21:56:04.380  1444  1444 I GoogleInputMethodService: GoogleInputMethodService.onStartInput():1293 onStartInput(EditorInfo{EditorInfo{packageName=com.backtrack.app, inputType=0, inputTypeString=NULL, enableLearning=false, autoCorrection=false, autoComplete=false, imeOptions=0, privateImeOptions=null, actionName=UNSPECIFIED, actionLabel=null, initialSelStart=-1, initialSelEnd=-1, initialCapsMode=0, label=null, fieldId=0, fieldName=null, extras=null, hintText=null, hintLocales=[]}}, false)
12-29 21:56:04.419  1444  1444 I Module  : DeviceLockedStatusModuleProvider$Module.updateDeviceLockedStatus():100 repeatCheckTimes = 1, locked = false
12-29 21:56:04.437   721  1994 W PackageConfigPersister: App-specific configuration not found for packageName: com.backtrack.app and userId: 0
12-29 21:56:04.496  1444  1444 W NotificationCenter: NotificationCenter$NotificationQueue.notifyPendingNotificationsOnExecutor():877 Heavy notify work detected on UI thread: [kig->jjs] takes 60ms
12-29 21:56:04.512   721   760 W Looper  : Slow dispatch took 239ms android.ui app=system_server main=false group=TOP_APP h=com.android.server.am.ActivityManagerService$UiHandler c=com.android.server.am.UidObserverController$$ExternalSyntheticLambda0@6dfd90e m=0
12-29 21:56:04.579  1463  2161 I .apps.wellbeing: AssetManager2(0x75e4eb8fd3b8) locale list changing from [] to [en-US]
12-29 21:56:04.708   721   760 W Looper  : Slow dispatch took 193ms android.ui app=system_server main=false group=TOP_APP h=com.android.server.am.ActivityManagerService$UiHandler c=com.android.server.am.UidObserverController$$ExternalSyntheticLambda0@6dfd90e m=0
12-29 21:56:04.723  1463  2161 I .apps.wellbeing: AssetManager2(0x75e4eb8f1b58) locale list changing from [] to [en-US]
12-29 21:56:04.979 12728 12728 W dumpsys : Thread Pool max thread count is 0. Cannot cache binder as linkToDeath cannot be implemented. serviceName: package
12-29 21:56:05.245  1463  2161 I .apps.wellbeing: AssetManager2(0x75e4eb8f3458) locale list changing from [] to [en-US]
12-29 21:56:05.311  1463  2161 I .apps.wellbeing: AssetManager2(0x75e4eb8f8598) locale list changing from [] to [en-US]
12-29 21:56:07.829   721   836 D ActivityManager: freezing 2430 com.google.android.apps.messaging
12-29 21:56:08.493  2105 22574 I artd    : GetBestInfo: odex next to the dex file (/data/app/~~IbcOUmSl_JnETTkSTw0iow==/com.google.android.gms-HB2a7DrByvac3ivRK_sRAw==/oat/x86_64/base.odex) is kOatUpToDate with filter 'speed-profile' executable 'false'
12-29 21:56:08.534  2105 22574 I artd    : GetBestInfo: odex next to the dex file (/data/app/~~IbcOUmSl_JnETTkSTw0iow==/com.google.android.gms-HB2a7DrByvac3ivRK_sRAw==/oat/x86_64/split_AdsDynamite_installtime.odex) is kOatUpToDate with filter 'speed' executable 'false'
12-29 21:56:08.560  2105 22574 I artd    : GetBestInfo: odex next to the dex file (/data/app/~~IbcOUmSl_JnETTkSTw0iow==/com.google.android.gms-HB2a7DrByvac3ivRK_sRAw==/oat/x86_64/split_CronetDynamite_installtime.odex) is kOatUpToDate with filter 'speed' executable 'false'
12-29 21:56:08.588   721   760 W Looper  : Slow dispatch took 111ms android.ui app=system_server main=false group=TOP_APP h=com.android.server.am.ActivityManagerService$UiHandler c=com.android.server.am.UidObserverController$$ExternalSyntheticLambda0@6dfd90e m=0
12-29 21:56:08.632  2105 22574 I artd    : GetBestInfo: odex next to the dex file (/data/app/~~IbcOUmSl_JnETTkSTw0iow==/com.google.android.gms-HB2a7DrByvac3ivRK_sRAw==/oat/x86_64/split_DynamiteLoader_installtime.odex) is kOatUpToDate with filter 'speed' executable 'false'
12-29 21:56:08.659  2105 22574 I artd    : GetBestInfo: odex next to the dex file (/data/app/~~IbcOUmSl_JnETTkSTw0iow==/com.google.android.gms-HB2a7DrByvac3ivRK_sRAw==/oat/x86_64/split_DynamiteModulesA_installtime.odex) is kOatUpToDate with filter 'speed' executable 'false'
12-29 21:56:08.672  2105 22574 I artd    : GetBestInfo: odex next to the dex file (/data/app/~~IbcOUmSl_JnETTkSTw0iow==/com.google.android.gms-HB2a7DrByvac3ivRK_sRAw==/oat/x86_64/split_DynamiteModulesC_installtime.odex) is kOatUpToDate with filter 'speed' executable 'false'
12-29 21:56:08.700  2105  2108 I artd    : GetBestInfo: odex next to the dex file (/data/app/~~IbcOUmSl_JnETTkSTw0iow==/com.google.android.gms-HB2a7DrByvac3ivRK_sRAw==/oat/x86_64/split_GoogleCertificates_installtime.odex) is kOatUpToDate with filter 'speed' executable 'false'
12-29 21:56:08.727  2105 22574 I artd    : GetBestInfo: odex next to the dex file (/data/app/~~IbcOUmSl_JnETTkSTw0iow==/com.google.android.gms-HB2a7DrByvac3ivRK_sRAw==/oat/x86_64/split_MapsDynamite_installtime.odex) is kOatUpToDate with filter 'speed' executable 'false'
12-29 21:56:08.734  2105  2108 I artd    : GetBestInfo: odex next to the dex file (/data/app/~~IbcOUmSl_JnETTkSTw0iow==/com.google.android.gms-HB2a7DrByvac3ivRK_sRAw==/oat/x86_64/split_MeasurementDynamite_installtime.odex) is kOatUpToDate with filter 'speed' executable 'false'
12-29 21:56:08.760  2105  2108 I artd    : GetBestInfo: /data/app/~~IbcOUmSl_JnETTkSTw0iow==/com.google.android.gms-HB2a7DrByvac3ivRK_sRAw==/split_maps_core_dynamite_ondemand.apk has no usable artifacts
12-29 21:56:08.822  2105  2108 W artd    : Could not get dex checksums for location /data/app/~~Y6DWpouPxlEsgDdqKfzmRw==/com.google.android.gms-8mKPJjN1NUQO1JT2TmTcAw==/base.apk, fd=-1
12-29 21:56:08.877  2105  2108 I artd    : GetBestInfo: /data/user_de/0/com.google.android.gms/app_chimera/m/00000001/CronetDynamite.apk has no usable artifacts
12-29 21:56:08.877  2105  2108 W artd    : Could not get dex checksums for location /data/app/~~Y6DWpouPxlEsgDdqKfzmRw==/com.google.android.gms-8mKPJjN1NUQO1JT2TmTcAw==/base.apk, fd=-1
12-29 21:56:08.952  2105  2108 I artd    : GetBestInfo: /data/user_de/0/com.google.android.gms/app_chimera/m/00000002/DynamiteLoader.apk has no usable artifacts
12-29 21:56:09.001  2105  2108 I artd    : GetBestInfo: /data/user_de/0/com.google.android.gms/app_chimera/m/00000005/GoogleCertificates.apk has no usable artifacts
12-29 21:56:09.048  2105  2108 W artd    : Could not get dex checksums for location /data/app/~~Y6DWpouPxlEsgDdqKfzmRw==/com.google.android.gms-8mKPJjN1NUQO1JT2TmTcAw==/base.apk, fd=-1
12-29 21:56:09.079  2105  2108 W artd    : Could not get dex checksums for location /data/app/~~Y6DWpouPxlEsgDdqKfzmRw==/com.google.android.gms-8mKPJjN1NUQO1JT2TmTcAw==/base.apk, fd=-1
12-29 21:56:09.101  2105  2108 W artd    : Could not get dex checksums for location /data/app/~~Y6DWpouPxlEsgDdqKfzmRw==/com.google.android.gms-8mKPJjN1NUQO1JT2TmTcAw==/base.apk, fd=-1
12-29 21:56:09.129  2105  2108 I artd    : GetBestInfo: /data/user_de/0/com.google.android.gms/app_chimera/m/0000000a/dl-Appsearch.optional_250834100800.apk has no usable artifacts
12-29 21:56:09.146  2105  2108 I artd    : GetBestInfo: /data/user_de/0/com.google.android.gms/app_chimera/m/0000000d/dl-MlkitOcrCommon.optional_250834100800.apk has no usable artifacts
12-29 21:56:09.168  2105  2108 W artd    : Could not get dex checksums for location /data/app/~~Y6DWpouPxlEsgDdqKfzmRw==/com.google.android.gms-8mKPJjN1NUQO1JT2TmTcAw==/base.apk, fd=-1
12-29 21:56:09.182  2105  2108 I artd    : GetBestInfo: /data/user_de/0/com.google.android.gms/app_chimera/m/0000000b/dl-VisionOcr.optional_250834100000.apk has no usable artifacts
12-29 21:56:09.235  2105  2108 W artd    : Could not get dex checksums for location /data/app/~~Y6DWpouPxlEsgDdqKfzmRw==/com.google.android.gms-8mKPJjN1NUQO1JT2TmTcAw==/base.apk, fd=-1
12-29 21:56:09.236  2105  2108 W artd    : Could not get dex checksums for location /data/app/~~Y6DWpouPxlEsgDdqKfzmRw==/com.google.android.gms-8mKPJjN1NUQO1JT2TmTcAw==/base.apk, fd=-1
12-29 21:56:09.237  2105  2108 W artd    : Could not get dex checksums for location /data/app/~~Y6DWpouPxlEsgDdqKfzmRw==/com.google.android.gms-8mKPJjN1NUQO1JT2TmTcAw==/base.apk, fd=-1
12-29 21:56:09.296  2105  2108 I artd    : GetBestInfo: /data/user_de/0/com.google.android.gms/app_chimera/m/00000007/MeasurementDynamite.apk has no usable artifacts
12-29 21:56:09.373  1463  2161 I .apps.wellbeing: AssetManager2(0x75e4eb8f6658) locale list changing from [] to [en-US]
12-29 21:56:09.407  1463  2161 I .apps.wellbeing: AssetManager2(0x75e4eb8f6338) locale list changing from [] to [en-US]
12-29 21:56:09.726  1463  2161 I .apps.wellbeing: AssetManager2(0x75e4eb8f9858) locale list changing from [] to [en-US]
12-29 21:56:09.794   721   896 D InetDiagMessage: Destroyed 0 sockets, proto=IPPROTO_TCP, family=AF_INET, states=14
12-29 21:56:09.794   721   896 D InetDiagMessage: Destroyed 0 sockets, proto=IPPROTO_TCP, family=AF_INET6, states=14
12-29 21:56:09.795   721   896 D InetDiagMessage: Destroyed live tcp sockets for uids={10202} in 23ms
12-29 21:56:09.798   721   896 D InetDiagMessage: Destroyed 0 sockets, proto=IPPROTO_TCP, family=AF_INET, states=14
12-29 21:56:09.883   721   896 D InetDiagMessage: Destroyed 0 sockets, proto=IPPROTO_TCP, family=AF_INET6, states=14
12-29 21:56:09.883   721   896 D InetDiagMessage: Destroyed live tcp sockets for uids={20202} in 86ms
12-29 21:56:10.063  1463  2161 I .apps.wellbeing: AssetManager2(0x75e4eb8fb158) locale list changing from [] to [en-US]
12-29 21:56:10.080  1148  1358 D SatelliteController: iisInCarrierRoamingNbIotNtn: satellite is disabled
12-29 21:56:10.795  1463  2161 I .apps.wellbeing: AssetManager2(0x75e4eb8f5078) locale list changing from [] to [en-US]
12-29 21:56:10.835   997  1116 E FrameTracker: force finish cuj, time out: J<SPLASHSCREEN_EXIT_ANIM>
12-29 21:56:10.835   997  1116 W FrameTracker: Missed App frame:UNKNOWN: 3, 48447551, 600163686, CUJ=J<SPLASHSCREEN_EXIT_ANIM>
12-29 21:56:10.835   997  1116 W FrameTracker: Missed SF frame:UNKNOWN: 3, 48447551, 600163686, CUJ=J<SPLASHSCREEN_EXIT_ANIM>
12-29 21:56:10.849  1463  2161 I .apps.wellbeing: AssetManager2(0x75e4eb8f56b8) locale list changing from [] to [en-US]
12-29 21:56:10.906  1463  2161 I .apps.wellbeing: AssetManager2(0x75e4eb8f9b78) locale list changing from [] to [en-US]
12-29 21:56:10.967  1463  2161 I .apps.wellbeing: AssetManager2(0x75e4eb8f6fb8) locale list changing from [] to [en-US]
12-29 21:56:11.283  1593  2163 I bbax    : (REDACTED) getHotwordActive::active query: %s, watch: %s, devices connected: %s
12-29 21:56:11.484  1463  2161 I .apps.wellbeing: AssetManager2(0x75e4eb8f0258) locale list changing from [] to [en-US]
12-29 21:56:11.620  1463  2161 I .apps.wellbeing: AssetManager2(0x75e4eb8fca58) locale list changing from [] to [en-US]
12-29 21:56:11.896  1463  2161 I .apps.wellbeing: AssetManager2(0x75e4eb8f2e18) locale list changing from [] to [en-US]
12-29 21:56:11.931  1463  2161 I .apps.wellbeing: AssetManager2(0x75e4eb8ff2f8) locale list changing from [] to [en-US]
12-29 21:56:12.508  1463  2161 I .apps.wellbeing: AssetManager2(0x75e4eb8fd9f8) locale list changing from [] to [en-US]
12-29 21:56:12.547  1463  2161 I .apps.wellbeing: AssetManager2(0x75e4eb901eb8) locale list changing from [] to [en-US]
12-29 21:56:13.092  1463  2161 I .apps.wellbeing: AssetManager2(0x75e4eb8ef8f8) locale list changing from [] to [en-US]
12-29 21:56:13.136  1463  2161 I .apps.wellbeing: AssetManager2(0x75e4eb8f4718) locale list changing from [] to [en-US]
12-29 21:56:13.546   721   836 D ActivityManager: freezing 1696 com.google.android.permissioncontroller
12-29 21:56:13.830   721   896 D InetDiagMessage: Destroyed 0 sockets, proto=IPPROTO_TCP, family=AF_INET, states=14
12-29 21:56:13.837   721   896 D InetDiagMessage: Destroyed 0 sockets, proto=IPPROTO_TCP, family=AF_INET6, states=14
12-29 21:56:13.837   721   896 D InetDiagMessage: Destroyed live tcp sockets for uids={10192} in 40ms
12-29 21:56:13.880 12584 12602 W m.backtrack.app: Suspending all threads took: 42.895ms
12-29 21:56:14.067 12584 12602 I m.backtrack.app: Background concurrent mark compact GC freed 1076KB AllocSpace bytes, 0(0B) LOS objects, 49% free, 5691KB/11MB, paused 45.043ms,18.024ms total 589.361ms
12-29 21:56:14.094  1463  2161 I .apps.wellbeing: AssetManager2(0x75e4eb8fd098) locale list changing from [] to [en-US]
12-29 21:56:14.844 12731 12731 W dumpsys : Thread Pool max thread count is 0. Cannot cache binder as linkToDeath cannot be implemented. serviceName: package
12-29 21:56:15.091  1463  2161 I .apps.wellbeing: AssetManager2(0x75e4eb8ef2b8) locale list changing from [] to [en-US]
12-29 21:56:15.799  1463  2161 I .apps.wellbeing: AssetManager2(0x75e4eb903df8) locale list changing from [] to [en-US]
12-29 21:56:16.201  1463  2161 I .apps.wellbeing: AssetManager2(0x75e4eb8ed058) locale list changing from [] to [en-US]
12-29 21:56:17.011  1463  2161 I .apps.wellbeing: AssetManager2(0x75e4eb90e9d8) locale list changing from [] to [en-US]
12-29 21:56:17.142  2105  2108 I artd    : GetBestInfo: odex next to the dex file (/data/app/~~IbcOUmSl_JnETTkSTw0iow==/com.google.android.gms-HB2a7DrByvac3ivRK_sRAw==/oat/x86_64/base.odex) is kOatUpToDate with filter 'speed-profile' executable 'false'
12-29 21:56:17.178  2105  2108 I artd    : GetBestInfo: odex next to the dex file (/data/app/~~IbcOUmSl_JnETTkSTw0iow==/com.google.android.gms-HB2a7DrByvac3ivRK_sRAw==/oat/x86_64/split_AdsDynamite_installtime.odex) is kOatUpToDate with filter 'speed' executable 'false'
12-29 21:56:17.200  2105  2108 I artd    : GetBestInfo: odex next to the dex file (/data/app/~~IbcOUmSl_JnETTkSTw0iow==/com.google.android.gms-HB2a7DrByvac3ivRK_sRAw==/oat/x86_64/split_CronetDynamite_installtime.odex) is kOatUpToDate with filter 'speed' executable 'false'
12-29 21:56:17.207  2105  2108 I artd    : GetBestInfo: odex next to the dex file (/data/app/~~IbcOUmSl_JnETTkSTw0iow==/com.google.android.gms-HB2a7DrByvac3ivRK_sRAw==/oat/x86_64/split_DynamiteLoader_installtime.odex) is kOatUpToDate with filter 'speed' executable 'false'
12-29 21:56:17.223  2105 22574 I artd    : GetBestInfo: odex next to the dex file (/data/app/~~IbcOUmSl_JnETTkSTw0iow==/com.google.android.gms-HB2a7DrByvac3ivRK_sRAw==/oat/x86_64/split_DynamiteModulesA_installtime.odex) is kOatUpToDate with filter 'speed' executable 'false'
12-29 21:56:17.232  2105 22574 I artd    : GetBestInfo: odex next to the dex file (/data/app/~~IbcOUmSl_JnETTkSTw0iow==/com.google.android.gms-HB2a7DrByvac3ivRK_sRAw==/oat/x86_64/split_DynamiteModulesC_installtime.odex) is kOatUpToDate with filter 'speed' executable 'false'
12-29 21:56:17.242  2105 22574 I artd    : GetBestInfo: odex next to the dex file (/data/app/~~IbcOUmSl_JnETTkSTw0iow==/com.google.android.gms-HB2a7DrByvac3ivRK_sRAw==/oat/x86_64/split_GoogleCertificates_installtime.odex) is kOatUpToDate with filter 'speed' executable 'false'
12-29 21:56:17.256  2105 22574 I artd    : GetBestInfo: odex next to the dex file (/data/app/~~IbcOUmSl_JnETTkSTw0iow==/com.google.android.gms-HB2a7DrByvac3ivRK_sRAw==/oat/x86_64/split_MapsDynamite_installtime.odex) is kOatUpToDate with filter 'speed' executable 'false'
12-29 21:56:17.267  2105 22574 I artd    : GetBestInfo: odex next to the dex file (/data/app/~~IbcOUmSl_JnETTkSTw0iow==/com.google.android.gms-HB2a7DrByvac3ivRK_sRAw==/oat/x86_64/split_MeasurementDynamite_installtime.odex) is kOatUpToDate with filter 'speed' executable 'false'
12-29 21:56:17.316  2105 22574 I artd    : GetBestInfo: /data/app/~~IbcOUmSl_JnETTkSTw0iow==/com.google.android.gms-HB2a7DrByvac3ivRK_sRAw==/split_maps_core_dynamite_ondemand.apk has no usable artifacts
12-29 21:56:17.322  2105 22574 W artd    : Could not get dex checksums for location /data/app/~~Y6DWpouPxlEsgDdqKfzmRw==/com.google.android.gms-8mKPJjN1NUQO1JT2TmTcAw==/base.apk, fd=-1
12-29 21:56:17.347  2105 22574 I artd    : GetBestInfo: /data/user_de/0/com.google.android.gms/app_chimera/m/00000001/CronetDynamite.apk has no usable artifacts
12-29 21:56:17.373  2105 22574 W artd    : Could not get dex checksums for location /data/app/~~Y6DWpouPxlEsgDdqKfzmRw==/com.google.android.gms-8mKPJjN1NUQO1JT2TmTcAw==/base.apk, fd=-1
12-29 21:56:17.374  2105 22574 I artd    : GetBestInfo: /data/user_de/0/com.google.android.gms/app_chimera/m/00000002/DynamiteLoader.apk has no usable artifacts
12-29 21:56:17.377  2105 22574 I artd    : GetBestInfo: /data/user_de/0/com.google.android.gms/app_chimera/m/00000005/GoogleCertificates.apk has no usable artifacts
12-29 21:56:17.386  2105 22574 W artd    : Could not get dex checksums for location /data/app/~~Y6DWpouPxlEsgDdqKfzmRw==/com.google.android.gms-8mKPJjN1NUQO1JT2TmTcAw==/base.apk, fd=-1
12-29 21:56:17.388  2105 22574 W artd    : Could not get dex checksums for location /data/app/~~Y6DWpouPxlEsgDdqKfzmRw==/com.google.android.gms-8mKPJjN1NUQO1JT2TmTcAw==/base.apk, fd=-1
12-29 21:56:17.395  2105 22574 W artd    : Could not get dex checksums for location /data/app/~~Y6DWpouPxlEsgDdqKfzmRw==/com.google.android.gms-8mKPJjN1NUQO1JT2TmTcAw==/base.apk, fd=-1
12-29 21:56:17.398  2105  2108 I artd    : GetBestInfo: /data/user_de/0/com.google.android.gms/app_chimera/m/0000000a/dl-Appsearch.optional_250834100800.apk has no usable artifacts
12-29 21:56:17.416  2105 22574 I artd    : GetBestInfo: /data/user_de/0/com.google.android.gms/app_chimera/m/0000000d/dl-MlkitOcrCommon.optional_250834100800.apk has no usable artifacts
12-29 21:56:17.417  2105  2109 W artd    : Could not get dex checksums for location /data/app/~~Y6DWpouPxlEsgDdqKfzmRw==/com.google.android.gms-8mKPJjN1NUQO1JT2TmTcAw==/base.apk, fd=-1
12-29 21:56:17.433  2105 22574 I artd    : GetBestInfo: /data/user_de/0/com.google.android.gms/app_chimera/m/0000000b/dl-VisionOcr.optional_250834100000.apk has no usable artifacts
12-29 21:56:17.435  2105  2109 W artd    : Could not get dex checksums for location /data/app/~~Y6DWpouPxlEsgDdqKfzmRw==/com.google.android.gms-8mKPJjN1NUQO1JT2TmTcAw==/base.apk, fd=-1
12-29 21:56:17.435  2105  2109 W artd    : Could not get dex checksums for location /data/app/~~Y6DWpouPxlEsgDdqKfzmRw==/com.google.android.gms-8mKPJjN1NUQO1JT2TmTcAw==/base.apk, fd=-1
12-29 21:56:17.436  2105  2109 W artd    : Could not get dex checksums for location /data/app/~~Y6DWpouPxlEsgDdqKfzmRw==/com.google.android.gms-8mKPJjN1NUQO1JT2TmTcAw==/base.apk, fd=-1
12-29 21:56:17.437  2105  2109 I artd    : GetBestInfo: /data/user_de/0/com.google.android.gms/app_chimera/m/00000007/MeasurementDynamite.apk has no usable artifacts
12-29 21:56:17.654  1463  2161 I .apps.wellbeing: AssetManager2(0x75e4eb8e8b98) locale list changing from [] to [en-US]
12-29 21:56:17.713  1463  2161 I .apps.wellbeing: AssetManager2(0x75e4eb9105f8) locale list changing from [] to [en-US]
12-29 21:56:18.076  1463  2161 I .apps.wellbeing: AssetManager2(0x75e4eb8edcd8) locale list changing from [] to [en-US]
12-29 21:56:18.296   721   836 D ActivityManager: freezing 13701 com.google.android.gms
12-29 21:56:18.352   721   836 D ActivityManager: freezing 5425 com.google.android.adservices.api
12-29 21:56:18.431  1463  2161 I .apps.wellbeing: AssetManager2(0x75e4eb904758) locale list changing from [] to [en-US]
12-29 21:56:18.655  1463  2161 I .apps.wellbeing: AssetManager2(0x75e4eb90ca98) locale list changing from [] to [en-US]
12-29 21:56:19.062  1463  2161 I .apps.wellbeing: AssetManager2(0x75e4eb913b18) locale list changing from [] to [en-US]
12-29 21:56:19.590  1463  2161 I .apps.wellbeing: AssetManager2(0x75e4eb912e98) locale list changing from [] to [en-US]
12-29 21:56:19.651  1463  2161 I .apps.wellbeing: AssetManager2(0x75e4eb90baf8) locale list changing from [] to [en-US]
12-29 21:56:19.788  1463  2161 I .apps.wellbeing: AssetManager2(0x75e4eb9085d8) locale list changing from [] to [en-US]
12-29 21:56:20.096  1148  1358 D SatelliteController: iisInCarrierRoamingNbIotNtn: satellite is disabled
12-29 21:56:20.144  1463  2161 I .apps.wellbeing: AssetManager2(0x75e4eb9102d8) locale list changing from [] to [en-US]
12-29 21:56:20.705  1463  2161 I .apps.wellbeing: AssetManager2(0x75e4eb911ef8) locale list changing from [] to [en-US]
12-29 21:56:20.866  1463  2161 I .apps.wellbeing: AssetManager2(0x75e4eb904438) locale list changing from [] to [en-US]
12-29 21:56:21.109  1463  2161 I .apps.wellbeing: AssetManager2(0x75e4eb910c38) locale list changing from [] to [en-US]
12-29 21:56:23.391  1463  2161 I .apps.wellbeing: AssetManager2(0x75e4eb90d0d8) locale list changing from [] to [en-US]
12-29 21:56:23.508  1463  2161 I .apps.wellbeing: AssetManager2(0x75e4eb916d18) locale list changing from [] to [en-US]
12-29 21:56:23.555  1463  2161 I .apps.wellbeing: AssetManager2(0x75e4eb90ffb8) locale list changing from [] to [en-US]
12-29 21:56:23.594  1463  2161 I .apps.wellbeing: AssetManager2(0x75e4eb91b4f8) locale list changing from [] to [en-US]
12-29 21:56:23.696  1463  2161 I .apps.wellbeing: AssetManager2(0x75e4eb90da38) locale list changing from [] to [en-US]
12-29 21:56:23.926  1463  2161 I .apps.wellbeing: AssetManager2(0x75e4eb916098) locale list changing from [] to [en-US]
12-29 21:56:24.879 12734 12734 W dumpsys : Thread Pool max thread count is 0. Cannot cache binder as linkToDeath cannot be implemented. serviceName: package
12-29 21:56:27.159  2105 22574 I artd    : GetBestInfo: odex next to the dex file (/data/app/~~IbcOUmSl_JnETTkSTw0iow==/com.google.android.gms-HB2a7DrByvac3ivRK_sRAw==/oat/x86_64/base.odex) is kOatUpToDate with filter 'speed-profile' executable 'false'
12-29 21:56:27.207  2105  2109 I artd    : GetBestInfo: odex next to the dex file (/data/app/~~IbcOUmSl_JnETTkSTw0iow==/com.google.android.gms-HB2a7DrByvac3ivRK_sRAw==/oat/x86_64/split_AdsDynamite_installtime.odex) is kOatUpToDate with filter 'speed' executable 'false'
12-29 21:56:27.213  2105  2109 I artd    : GetBestInfo: odex next to the dex file (/data/app/~~IbcOUmSl_JnETTkSTw0iow==/com.google.android.gms-HB2a7DrByvac3ivRK_sRAw==/oat/x86_64/split_CronetDynamite_installtime.odex) is kOatUpToDate with filter 'speed' executable 'false'
12-29 21:56:27.239  2105  2109 I artd    : GetBestInfo: odex next to the dex file (/data/app/~~IbcOUmSl_JnETTkSTw0iow==/com.google.android.gms-HB2a7DrByvac3ivRK_sRAw==/oat/x86_64/split_DynamiteLoader_installtime.odex) is kOatUpToDate with filter 'speed' executable 'false'
12-29 21:56:27.273  2105  2109 I artd    : GetBestInfo: odex next to the dex file (/data/app/~~IbcOUmSl_JnETTkSTw0iow==/com.google.android.gms-HB2a7DrByvac3ivRK_sRAw==/oat/x86_64/split_DynamiteModulesA_installtime.odex) is kOatUpToDate with filter 'speed' executable 'false'
12-29 21:56:27.290  2105  2109 I artd    : GetBestInfo: odex next to the dex file (/data/app/~~IbcOUmSl_JnETTkSTw0iow==/com.google.android.gms-HB2a7DrByvac3ivRK_sRAw==/oat/x86_64/split_DynamiteModulesC_installtime.odex) is kOatUpToDate with filter 'speed' executable 'false'
12-29 21:56:27.301  2105  2109 I artd    : GetBestInfo: odex next to the dex file (/data/app/~~IbcOUmSl_JnETTkSTw0iow==/com.google.android.gms-HB2a7DrByvac3ivRK_sRAw==/oat/x86_64/split_GoogleCertificates_installtime.odex) is kOatUpToDate with filter 'speed' executable 'false'
12-29 21:56:27.307  1463  2161 I SQLiteConnection: Long db operation: /data/user/0/com.google.android.apps.wellbeing/databases/app_config
12-29 21:56:27.467  2105  2109 I artd    : GetBestInfo: odex next to the dex file (/data/app/~~IbcOUmSl_JnETTkSTw0iow==/com.google.android.gms-HB2a7DrByvac3ivRK_sRAw==/oat/x86_64/split_MapsDynamite_installtime.odex) is kOatUpToDate with filter 'speed' executable 'false'
12-29 21:56:27.511  2105  2109 I artd    : GetBestInfo: odex next to the dex file (/data/app/~~IbcOUmSl_JnETTkSTw0iow==/com.google.android.gms-HB2a7DrByvac3ivRK_sRAw==/oat/x86_64/split_MeasurementDynamite_installtime.odex) is kOatUpToDate with filter 'speed' executable 'false'
12-29 21:56:27.556  2105  2109 I artd    : GetBestInfo: /data/app/~~IbcOUmSl_JnETTkSTw0iow==/com.google.android.gms-HB2a7DrByvac3ivRK_sRAw==/split_maps_core_dynamite_ondemand.apk has no usable artifacts
12-29 21:56:27.564  2105  2109 W artd    : Could not get dex checksums for location /data/app/~~Y6DWpouPxlEsgDdqKfzmRw==/com.google.android.gms-8mKPJjN1NUQO1JT2TmTcAw==/base.apk, fd=-1
12-29 21:56:27.573  2105 22574 I artd    : GetBestInfo: /data/user_de/0/com.google.android.gms/app_chimera/m/00000001/CronetDynamite.apk has no usable artifacts
12-29 21:56:27.573  2105 22574 W artd    : Could not get dex checksums for location /data/app/~~Y6DWpouPxlEsgDdqKfzmRw==/com.google.android.gms-8mKPJjN1NUQO1JT2TmTcAw==/base.apk, fd=-1
